// Vitest Snapshot v1, https://vitest.dev/guide/snapshot.html

exports[`App Componenets > Should render magnificent monkeys 1`] = `
<div>
  <div>
    <button>
      Click Me
    </button>
    <h1>
      Our First Test
    </h1>
  </div>
</div>
`;
